#-----------------------------------------------------------
# Webtalk v2020.1 (64-bit)
# SW Build 2902540 on Wed May 27 19:54:49 MDT 2020
# IP Build 2902112 on Wed May 27 22:43:36 MDT 2020
# Start of session at: Mon Aug 17 16:03:44 2020
# Process ID: 10476
# Current directory: C:/Users/ECE-IT-Admin/Box/Shanshan_Xie/Research_work/1_2019_CiM/Testing/Cifar10_FPGA_Measurement/2020_CiM_test_ver2/2020_CiM_test_ver2.sim/sim_testcase6_ts_mav/behav/xsim
# Command line: wbtcv.exe -mode batch -source C:/Users/ECE-IT-Admin/Box/Shanshan_Xie/Research_work/1_2019_CiM/Testing/Cifar10_FPGA_Measurement/2020_CiM_test_ver2/2020_CiM_test_ver2.sim/sim_testcase6_ts_mav/behav/xsim/xsim.dir/testcase6_tb_behav/webtalk/xsim_webtalk.tcl -notrace
# Log file: C:/Users/ECE-IT-Admin/Box/Shanshan_Xie/Research_work/1_2019_CiM/Testing/Cifar10_FPGA_Measurement/2020_CiM_test_ver2/2020_CiM_test_ver2.sim/sim_testcase6_ts_mav/behav/xsim/webtalk.log
# Journal file: C:/Users/ECE-IT-Admin/Box/Shanshan_Xie/Research_work/1_2019_CiM/Testing/Cifar10_FPGA_Measurement/2020_CiM_test_ver2/2020_CiM_test_ver2.sim/sim_testcase6_ts_mav/behav/xsim\webtalk.jou
#-----------------------------------------------------------
source C:/Users/ECE-IT-Admin/Box/Shanshan_Xie/Research_work/1_2019_CiM/Testing/Cifar10_FPGA_Measurement/2020_CiM_test_ver2/2020_CiM_test_ver2.sim/sim_testcase6_ts_mav/behav/xsim/xsim.dir/testcase6_tb_behav/webtalk/xsim_webtalk.tcl -notrace
