#-----------------------------------------------------------
# Webtalk v2019.1 (64-bit)
# SW Build 2552052 on Fri May 24 14:49:42 MDT 2019
# IP Build 2548770 on Fri May 24 18:01:18 MDT 2019
# Start of session at: Wed Aug  5 15:14:16 2020
# Process ID: 20468
# Current directory: D:/PHD/2019_CiM/Testing/Cifar10_FPGA_Measurement/2020_CiM_testing/2020_CiM_testing.sim/sim_testcase5_top/behav/xsim
# Command line: wbtcv.exe -mode batch -source D:/PHD/2019_CiM/Testing/Cifar10_FPGA_Measurement/2020_CiM_testing/2020_CiM_testing.sim/sim_testcase5_top/behav/xsim/xsim.dir/testcase5_top_tb_behav/webtalk/xsim_webtalk.tcl -notrace
# Log file: D:/PHD/2019_CiM/Testing/Cifar10_FPGA_Measurement/2020_CiM_testing/2020_CiM_testing.sim/sim_testcase5_top/behav/xsim/webtalk.log
# Journal file: D:/PHD/2019_CiM/Testing/Cifar10_FPGA_Measurement/2020_CiM_testing/2020_CiM_testing.sim/sim_testcase5_top/behav/xsim\webtalk.jou
#-----------------------------------------------------------
source D:/PHD/2019_CiM/Testing/Cifar10_FPGA_Measurement/2020_CiM_testing/2020_CiM_testing.sim/sim_testcase5_top/behav/xsim/xsim.dir/testcase5_top_tb_behav/webtalk/xsim_webtalk.tcl -notrace
