#-----------------------------------------------------------
# Webtalk v2017.4.1 (64-bit)
# SW Build 2117270 on Tue Jan 30 15:31:13 MST 2018
# IP Build 2095745 on Tue Jan 30 17:13:15 MST 2018
# Start of session at: Wed May 27 14:55:04 2020
# Process ID: 26084
# Current directory: /home/local/big/sxie/FPGA/code/testcase1_scanchain_singleReadWrite/testcase1_scanchain_singleReadWrite.sim/sim_testcase1/behav/xsim
# Command line: wbtcv -mode batch -source /home/local/big/sxie/FPGA/code/testcase1_scanchain_singleReadWrite/testcase1_scanchain_singleReadWrite.sim/sim_testcase1/behav/xsim/xsim.dir/testcase1_scanchain_tb_behav/webtalk/xsim_webtalk.tcl -notrace
# Log file: /home/local/big/sxie/FPGA/code/testcase1_scanchain_singleReadWrite/testcase1_scanchain_singleReadWrite.sim/sim_testcase1/behav/xsim/webtalk.log
# Journal file: /home/local/big/sxie/FPGA/code/testcase1_scanchain_singleReadWrite/testcase1_scanchain_singleReadWrite.sim/sim_testcase1/behav/xsim/webtalk.jou
#-----------------------------------------------------------
source /home/local/big/sxie/FPGA/code/testcase1_scanchain_singleReadWrite/testcase1_scanchain_singleReadWrite.sim/sim_testcase1/behav/xsim/xsim.dir/testcase1_scanchain_tb_behav/webtalk/xsim_webtalk.tcl -notrace
