#-----------------------------------------------------------
# Vivado v2020.1 (64-bit)
# SW Build 2902540 on Wed May 27 19:54:49 MDT 2020
# IP Build 2902112 on Wed May 27 22:43:36 MDT 2020
# Start of session at: Sat Sep  5 14:33:42 2020
# Process ID: 21960
# Current directory: C:/Users/ECE-IT-Admin/Box/Shanshan_Xie/Research_work/1_2019_CiM/Testing/Cifar10_FPGA_Measurement/2020_CiM_test_ver2/2020_CiM_test_ver2.runs/impl_1
# Command line: vivado.exe -log testcase6_adc.vdi -applog -product Vivado -messageDb vivado.pb -mode batch -source testcase6_adc.tcl -notrace
# Log file: C:/Users/ECE-IT-Admin/Box/Shanshan_Xie/Research_work/1_2019_CiM/Testing/Cifar10_FPGA_Measurement/2020_CiM_test_ver2/2020_CiM_test_ver2.runs/impl_1/testcase6_adc.vdi
# Journal file: C:/Users/ECE-IT-Admin/Box/Shanshan_Xie/Research_work/1_2019_CiM/Testing/Cifar10_FPGA_Measurement/2020_CiM_test_ver2/2020_CiM_test_ver2.runs/impl_1\vivado.jou
#-----------------------------------------------------------
source testcase6_adc.tcl -notrace
